kg        
kilogram
kilograms  
s         
second
seconds
ms
milliseconds
millisecond
m        
meter    
meters
kilometer
kilometers
km
centimeter
centimeters
cm
millimeter
millimeters
A        
ampere    
amp       
cd       
candela 
mol       
mole     
K         
kelvin   
radian                            
sr        
steradian              
US$   
bit 
newton                  
N                      
pascal                 
Pa                     
joule                  
J                      
watt                   
W                      
coulomb                
C                      
volt                   
V                      
ohm                    
siemens                
S                      
farad                  
F                      
weber                  
Wb                     
henry                  
H                      
tesla                  
T                      
hertz                  
Hz                     
gram                    
millikg
grams
g      
tonne  
t    
metricton
sthene   
funal    
pieze      
quintal    
bar        
b          
vac        
micron     
bicron     
cc                        
liter      
liters
oldliter
L       
l      
mho
galvat
angstrom               
xunit                  
siegbahn               
xunit_cu            
xunit_mo            
angstromstar       
fermi                  
barn 
shed  
brewster  
diopter             
fresnel              
shake                 
svedberg              
gamma                  
lambda                 
spat                   
preece                 
planck                 
sturgeon               
daraf                  
leo                    
poiseuille             
mayer                  
mired                  
crocodile              
metricounce            
mounce                 
finsenunit             
fluxunit       
jansky         
Jy             
flick       
pfu         
pyron
katal
kat  
solarluminosity     
solarirradiance	
solarconstant	
TSI			
sec
minute
minutes
min
m    
hour   
hours
hr
h   
day  
days
d   
da  
week
weeks
wk  
sennight
fortnight  
blink      
ce         
cron       
watch      
bell
circle
degree
degrees
deg   
˚
arcdeg
arcmin
arcminute      
arcsec   
arcsecond       
rightangle 
quadrant   
quintant   
sextant    
sign 
turn 
revolution         
rev                
pulsatance         
gon                 
grade               
centesimalminute    
centesimalsecond    
milangle            
pointangle          
centrad              
mas                 
seclongitude        
sphere 
squaredegree 
squareminute 
squaresecond 
squarearcmin 
squarearcsec 
sphericalrightangle     
octant                  
percent                 
%                       
degcelsius  
celsius             
degC                   
degfahrenheit  
fahrenheit  
degF
F